[ERROR] COMPILATION ERROR : 
[ERROR] /C:/Users/edmtg/Documents/Unisinos/2026/gerenciador-tarefas-api/src/main/java/br/com/unisinos/gerenciador_tarefas/test_user.java:[36,8] class User is public, should be declared in a file named User.java
[ERROR] /C:/Users/edmtg/Documents/Unisinos/2026/gerenciador-tarefas-api/src/main/java/br/com/unisinos/gerenciador_tarefas/config/JwtUtilImpl.java:[10,24] package javax.annotation does not exist
[ERROR] /C:/Users/edmtg/Documents/Unisinos/2026/gerenciador-tarefas-api/src/main/java/br/com/unisinos/gerenciador_tarefas/controller/AuthController.java:[4,56] cannot find symbol
  symbol:   class TokenResponse
  location: package br.com.unisinos.gerenciador_tarefas.dto.response
[ERROR] /C:/Users/edmtg/Documents/Unisinos/2026/gerenciador-tarefas-api/src/main/java/br/com/unisinos/gerenciador_tarefas/service/AuthService.java:[4,56] cannot find symbol
  symbol:   class TokenResponse
  location: package br.com.unisinos.gerenciador_tarefas.dto.response
[ERROR] /C:/Users/edmtg/Documents/Unisinos/2026/gerenciador-tarefas-api/src/main/java/br/com/unisinos/gerenciador_tarefas/controller/AuthController.java:[24,27] cannot find symbol
  symbol:   class TokenResponse
  location: class br.com.unisinos.gerenciador_tarefas.controller.AuthController
[ERROR] /C:/Users/edmtg/Documents/Unisinos/2026/gerenciador-tarefas-api/src/main/java/br/com/unisinos/gerenciador_tarefas/service/AuthService.java:[8,5] cannot find symbol
  symbol:   class TokenResponse
  location: interface br.com.unisinos.gerenciador_tarefas.service.AuthService
[ERROR] /C:/Users/edmtg/Documents/Unisinos/2026/gerenciador-tarefas-api/src/main/java/br/com/unisinos/gerenciador_tarefas/service/AuthServiceImpl.java:[5,56] cannot find symbol
  symbol:   class TokenResponse
  location: package br.com.unisinos.gerenciador_tarefas.dto.response
[ERROR] /C:/Users/edmtg/Documents/Unisinos/2026/gerenciador-tarefas-api/src/main/java/br/com/unisinos/gerenciador_tarefas/service/AuthServiceImpl.java:[36,12] cannot find symbol
  symbol:   class TokenResponse
  location: class br.com.unisinos.gerenciador_tarefas.service.AuthServiceImpl
[ERROR] /C:/Users/edmtg/Documents/Unisinos/2026/gerenciador-tarefas-api/src/main/java/br/com/unisinos/gerenciador_tarefas/config/JwtUtilImpl.java:[26,6] cannot find symbol
  symbol:   class PostConstruct
  location: class br.com.unisinos.gerenciador_tarefas.config.JwtUtilImpl
[ERROR] /C:/Users/edmtg/Documents/Unisinos/2026/gerenciador-tarefas-api/src/main/java/br/com/unisinos/gerenciador_tarefas/entities/User.java:[28,8] br.com.unisinos.gerenciador_tarefas.entities.User is not abstract and does not override abstract method getPassword() in org.springframework.security.core.userdetails.UserDetails
[ERROR] /C:/Users/edmtg/Documents/Unisinos/2026/gerenciador-tarefas-api/src/main/java/br/com/unisinos/gerenciador_tarefas/config/JwtUtilImpl.java:[41,33] cannot find symbol
  symbol:   method getEmail()
  location: variable user of type br.com.unisinos.gerenciador_tarefas.entities.User
[ERROR] /C:/Users/edmtg/Documents/Unisinos/2026/gerenciador-tarefas-api/src/main/java/br/com/unisinos/gerenciador_tarefas/config/JwtUtilImpl.java:[44,36] cannot find symbol
  symbol:   method getRole()
  location: variable user of type br.com.unisinos.gerenciador_tarefas.entities.User
[ERROR] /C:/Users/edmtg/Documents/Unisinos/2026/gerenciador-tarefas-api/src/main/java/br/com/unisinos/gerenciador_tarefas/config/JwtUtilImpl.java:[44,61] cannot find symbol
  symbol:   method getRole()
  location: variable user of type br.com.unisinos.gerenciador_tarefas.entities.User
[ERROR] /C:/Users/edmtg/Documents/Unisinos/2026/gerenciador-tarefas-api/src/main/java/br/com/unisinos/gerenciador_tarefas/service/TaskService.java:[30,17] cannot find symbol
  symbol:   method setDescription(java.lang.String)
  location: variable task of type br.com.unisinos.gerenciador_tarefas.entities.Task
[ERROR] /C:/Users/edmtg/Documents/Unisinos/2026/gerenciador-tarefas-api/src/main/java/br/com/unisinos/gerenciador_tarefas/service/TaskService.java:[33,17] cannot find symbol
  symbol:   method setStatus(br.com.unisinos.gerenciador_tarefas.enums.TaskStatus)
  location: variable task of type br.com.unisinos.gerenciador_tarefas.entities.Task
[ERROR] /C:/Users/edmtg/Documents/Unisinos/2026/gerenciador-tarefas-api/src/main/java/br/com/unisinos/gerenciador_tarefas/service/TaskService.java:[35,17] cannot find symbol
  symbol:   method setStatus(br.com.unisinos.gerenciador_tarefas.enums.TaskStatus)
  location: variable task of type br.com.unisinos.gerenciador_tarefas.entities.Task
[ERROR] /C:/Users/edmtg/Documents/Unisinos/2026/gerenciador-tarefas-api/src/main/java/br/com/unisinos/gerenciador_tarefas/service/TaskService.java:[42,16] cannot find symbol
  symbol:   method setAssignee(br.com.unisinos.gerenciador_tarefas.entities.User)
  location: variable task of type br.com.unisinos.gerenciador_tarefas.entities.Task
[ERROR] /C:/Users/edmtg/Documents/Unisinos/2026/gerenciador-tarefas-api/src/main/java/br/com/unisinos/gerenciador_tarefas/service/TaskService.java:[45,17] cannot find symbol
  symbol:   method setDeadline(java.time.LocalDate)
  location: variable task of type br.com.unisinos.gerenciador_tarefas.entities.Task
[ERROR] /C:/Users/edmtg/Documents/Unisinos/2026/gerenciador-tarefas-api/src/main/java/br/com/unisinos/gerenciador_tarefas/service/TaskService.java:[54,21] cannot find symbol
  symbol:   method getParticipants()
  location: variable task of type br.com.unisinos.gerenciador_tarefas.entities.Task
[ERROR] /C:/Users/edmtg/Documents/Unisinos/2026/gerenciador-tarefas-api/src/main/java/br/com/unisinos/gerenciador_tarefas/service/TaskService.java:[58,13] cannot find symbol
  symbol:   method setName(@jakarta.validation.constraints.NotNull(message="O campo name \u00e9 um campo obrigat\u00f3rio") java.lang.String)
  location: variable task of type br.com.unisinos.gerenciador_tarefas.entities.Task
[ERROR] /C:/Users/edmtg/Documents/Unisinos/2026/gerenciador-tarefas-api/src/main/java/br/com/unisinos/gerenciador_tarefas/service/TaskService.java:[59,13] cannot find symbol
  symbol:   method setCreator(br.com.unisinos.gerenciador_tarefas.entities.User)
  location: variable task of type br.com.unisinos.gerenciador_tarefas.entities.Task
[ERROR] /C:/Users/edmtg/Documents/Unisinos/2026/gerenciador-tarefas-api/src/main/java/br/com/unisinos/gerenciador_tarefas/service/TaskService.java:[80,17] cannot find symbol
  symbol:   method getAssignedTasks()
  location: variable u of type br.com.unisinos.gerenciador_tarefas.entities.User
[ERROR] /C:/Users/edmtg/Documents/Unisinos/2026/gerenciador-tarefas-api/src/main/java/br/com/unisinos/gerenciador_tarefas/service/TaskService.java:[92,17] cannot find symbol
  symbol:   method setDescription(java.lang.String)
  location: variable task of type br.com.unisinos.gerenciador_tarefas.entities.Task
[ERROR] /C:/Users/edmtg/Documents/Unisinos/2026/gerenciador-tarefas-api/src/main/java/br/com/unisinos/gerenciador_tarefas/service/TaskService.java:[95,17] cannot find symbol
  symbol:   method setStatus(br.com.unisinos.gerenciador_tarefas.enums.TaskStatus)
  location: variable task of type br.com.unisinos.gerenciador_tarefas.entities.Task
[ERROR] /C:/Users/edmtg/Documents/Unisinos/2026/gerenciador-tarefas-api/src/main/java/br/com/unisinos/gerenciador_tarefas/service/TaskService.java:[102,17] cannot find symbol
  symbol:   method setAssignee(br.com.unisinos.gerenciador_tarefas.entities.User)
  location: variable task of type br.com.unisinos.gerenciador_tarefas.entities.Task
[ERROR] /C:/Users/edmtg/Documents/Unisinos/2026/gerenciador-tarefas-api/src/main/java/br/com/unisinos/gerenciador_tarefas/service/TaskService.java:[105,17] cannot find symbol
  symbol:   method setDeadline(java.time.LocalDate)
  location: variable task of type br.com.unisinos.gerenciador_tarefas.entities.Task
[ERROR] /C:/Users/edmtg/Documents/Unisinos/2026/gerenciador-tarefas-api/src/main/java/br/com/unisinos/gerenciador_tarefas/service/TaskService.java:[108,17] cannot find symbol
  symbol:   method setName(java.lang.String)
  location: variable task of type br.com.unisinos.gerenciador_tarefas.entities.Task
[ERROR] /C:/Users/edmtg/Documents/Unisinos/2026/gerenciador-tarefas-api/src/main/java/br/com/unisinos/gerenciador_tarefas/dto/response/TaskDetailResponse.java:[24,42] cannot find symbol
  symbol:   method getCreator()
  location: variable task of type br.com.unisinos.gerenciador_tarefas.entities.Task
[ERROR] /C:/Users/edmtg/Documents/Unisinos/2026/gerenciador-tarefas-api/src/main/java/br/com/unisinos/gerenciador_tarefas/dto/response/TaskDetailResponse.java:[24,83] cannot find symbol
  symbol:   method getAssignee()
  location: variable task of type br.com.unisinos.gerenciador_tarefas.entities.Task
[ERROR] /C:/Users/edmtg/Documents/Unisinos/2026/gerenciador-tarefas-api/src/main/java/br/com/unisinos/gerenciador_tarefas/dto/response/TaskDetailResponse.java:[23,18] cannot find symbol
  symbol:   method getId()
  location: variable task of type br.com.unisinos.gerenciador_tarefas.entities.Task
[ERROR] /C:/Users/edmtg/Documents/Unisinos/2026/gerenciador-tarefas-api/src/main/java/br/com/unisinos/gerenciador_tarefas/dto/response/TaskDetailResponse.java:[23,32] cannot find symbol
  symbol:   method getName()
  location: variable task of type br.com.unisinos.gerenciador_tarefas.entities.Task
[ERROR] /C:/Users/edmtg/Documents/Unisinos/2026/gerenciador-tarefas-api/src/main/java/br/com/unisinos/gerenciador_tarefas/dto/response/TaskDetailResponse.java:[23,48] cannot find symbol
  symbol:   method getDescription()
  location: variable task of type br.com.unisinos.gerenciador_tarefas.entities.Task
[ERROR] /C:/Users/edmtg/Documents/Unisinos/2026/gerenciador-tarefas-api/src/main/java/br/com/unisinos/gerenciador_tarefas/dto/response/TaskDetailResponse.java:[23,71] cannot find symbol
  symbol:   method getDeadline()
  location: variable task of type br.com.unisinos.gerenciador_tarefas.entities.Task
[ERROR] /C:/Users/edmtg/Documents/Unisinos/2026/gerenciador-tarefas-api/src/main/java/br/com/unisinos/gerenciador_tarefas/dto/response/TaskDetailResponse.java:[23,91] cannot find symbol
  symbol:   method getStatus()
  location: variable task of type br.com.unisinos.gerenciador_tarefas.entities.Task
[ERROR] /C:/Users/edmtg/Documents/Unisinos/2026/gerenciador-tarefas-api/src/main/java/br/com/unisinos/gerenciador_tarefas/dto/response/TaskDetailResponse.java:[25,21] cannot find symbol
  symbol:   method getParticipants()
  location: variable task of type br.com.unisinos.gerenciador_tarefas.entities.Task
[ERROR] /C:/Users/edmtg/Documents/Unisinos/2026/gerenciador-tarefas-api/src/main/java/br/com/unisinos/gerenciador_tarefas/dto/response/TaskDetailResponse.java:[25,90] cannot find symbol
  symbol:   method getCreatedAt()
  location: variable task of type br.com.unisinos.gerenciador_tarefas.entities.Task
[ERROR] /C:/Users/edmtg/Documents/Unisinos/2026/gerenciador-tarefas-api/src/main/java/br/com/unisinos/gerenciador_tarefas/dto/response/TaskDetailResponse.java:[25,111] cannot find symbol
  symbol:   method getUpdatedAt()
  location: variable task of type br.com.unisinos.gerenciador_tarefas.entities.Task
[ERROR] /C:/Users/edmtg/Documents/Unisinos/2026/gerenciador-tarefas-api/src/main/java/br/com/unisinos/gerenciador_tarefas/dto/response/ListUserResponse.java:[11,15] cannot find symbol
  symbol:   method getId()
  location: variable u of type br.com.unisinos.gerenciador_tarefas.entities.User
[ERROR] /C:/Users/edmtg/Documents/Unisinos/2026/gerenciador-tarefas-api/src/main/java/br/com/unisinos/gerenciador_tarefas/dto/response/ListUserResponse.java:[11,26] cannot find symbol
  symbol:   method getName()
  location: variable u of type br.com.unisinos.gerenciador_tarefas.entities.User
[ERROR] /C:/Users/edmtg/Documents/Unisinos/2026/gerenciador-tarefas-api/src/main/java/br/com/unisinos/gerenciador_tarefas/dto/response/ListUserResponse.java:[11,39] cannot find symbol
  symbol:   method getEmail()
  location: variable u of type br.com.unisinos.gerenciador_tarefas.entities.User
[ERROR] /C:/Users/edmtg/Documents/Unisinos/2026/gerenciador-tarefas-api/src/main/java/br/com/unisinos/gerenciador_tarefas/dto/response/ListTaskResponse.java:[13,15] cannot find symbol
  symbol:   method getId()
  location: variable t of type br.com.unisinos.gerenciador_tarefas.entities.Task
[ERROR] /C:/Users/edmtg/Documents/Unisinos/2026/gerenciador-tarefas-api/src/main/java/br/com/unisinos/gerenciador_tarefas/dto/response/ListTaskResponse.java:[13,26] cannot find symbol
  symbol:   method getName()
  location: variable t of type br.com.unisinos.gerenciador_tarefas.entities.Task
[ERROR] /C:/Users/edmtg/Documents/Unisinos/2026/gerenciador-tarefas-api/src/main/java/br/com/unisinos/gerenciador_tarefas/dto/response/ListTaskResponse.java:[13,39] cannot find symbol
  symbol:   method getStatus()
  location: variable t of type br.com.unisinos.gerenciador_tarefas.entities.Task
[ERROR] /C:/Users/edmtg/Documents/Unisinos/2026/gerenciador-tarefas-api/src/main/java/br/com/unisinos/gerenciador_tarefas/dto/response/UserDetailResponse.java:[19,15] cannot find symbol
  symbol:   method getId()
  location: variable u of type br.com.unisinos.gerenciador_tarefas.entities.User
[ERROR] /C:/Users/edmtg/Documents/Unisinos/2026/gerenciador-tarefas-api/src/main/java/br/com/unisinos/gerenciador_tarefas/dto/response/UserDetailResponse.java:[19,26] cannot find symbol
  symbol:   method getName()
  location: variable u of type br.com.unisinos.gerenciador_tarefas.entities.User
[ERROR] /C:/Users/edmtg/Documents/Unisinos/2026/gerenciador-tarefas-api/src/main/java/br/com/unisinos/gerenciador_tarefas/dto/response/UserDetailResponse.java:[19,39] cannot find symbol
  symbol:   method getEmail()
  location: variable u of type br.com.unisinos.gerenciador_tarefas.entities.User
[ERROR] /C:/Users/edmtg/Documents/Unisinos/2026/gerenciador-tarefas-api/src/main/java/br/com/unisinos/gerenciador_tarefas/dto/response/UserDetailResponse.java:[19,53] cannot find symbol
  symbol:   method getBirthDate()
  location: variable u of type br.com.unisinos.gerenciador_tarefas.entities.User
[ERROR] /C:/Users/edmtg/Documents/Unisinos/2026/gerenciador-tarefas-api/src/main/java/br/com/unisinos/gerenciador_tarefas/dto/response/UserDetailResponse.java:[19,71] cannot find symbol
  symbol:   method getPhone()
  location: variable u of type br.com.unisinos.gerenciador_tarefas.entities.User
[ERROR] /C:/Users/edmtg/Documents/Unisinos/2026/gerenciador-tarefas-api/src/main/java/br/com/unisinos/gerenciador_tarefas/dto/response/UserDetailResponse.java:[19,85] cannot find symbol
  symbol:   method getCreatedAt()
  location: variable u of type br.com.unisinos.gerenciador_tarefas.entities.User
[ERROR] /C:/Users/edmtg/Documents/Unisinos/2026/gerenciador-tarefas-api/src/main/java/br/com/unisinos/gerenciador_tarefas/dto/response/UserDetailResponse.java:[19,103] cannot find symbol
  symbol:   method getCreatedAt()
  location: variable u of type br.com.unisinos.gerenciador_tarefas.entities.User
[ERROR] /C:/Users/edmtg/Documents/Unisinos/2026/gerenciador-tarefas-api/src/main/java/br/com/unisinos/gerenciador_tarefas/service/AuthServiceImpl.java:[47,21] cannot find symbol
  symbol:   method getId()
  location: variable user of type br.com.unisinos.gerenciador_tarefas.entities.User
[ERROR] /C:/Users/edmtg/Documents/Unisinos/2026/gerenciador-tarefas-api/src/main/java/br/com/unisinos/gerenciador_tarefas/service/AuthServiceImpl.java:[48,21] cannot find symbol
  symbol:   method getName()
  location: variable user of type br.com.unisinos.gerenciador_tarefas.entities.User
[ERROR] /C:/Users/edmtg/Documents/Unisinos/2026/gerenciador-tarefas-api/src/main/java/br/com/unisinos/gerenciador_tarefas/service/AuthServiceImpl.java:[49,21] cannot find symbol
  symbol:   method getEmail()
  location: variable user of type br.com.unisinos.gerenciador_tarefas.entities.User
[ERROR] /C:/Users/edmtg/Documents/Unisinos/2026/gerenciador-tarefas-api/src/main/java/br/com/unisinos/gerenciador_tarefas/service/AuthServiceImpl.java:[52,20] cannot find symbol
  symbol:   class TokenResponse
  location: class br.com.unisinos.gerenciador_tarefas.service.AuthServiceImpl
[ERROR] Failed to execute goal org.apache.maven.plugins:maven-compiler-plugin:3.14.1:compile (default-compile) on project gerenciador-tarefas: Compilation failure: Compilation failure: 
[ERROR] /C:/Users/edmtg/Documents/Unisinos/2026/gerenciador-tarefas-api/src/main/java/br/com/unisinos/gerenciador_tarefas/test_user.java:[36,8] class User is public, should be declared in a file named User.java
[ERROR] /C:/Users/edmtg/Documents/Unisinos/2026/gerenciador-tarefas-api/src/main/java/br/com/unisinos/gerenciador_tarefas/config/JwtUtilImpl.java:[10,24] package javax.annotation does not exist
[ERROR] /C:/Users/edmtg/Documents/Unisinos/2026/gerenciador-tarefas-api/src/main/java/br/com/unisinos/gerenciador_tarefas/controller/AuthController.java:[4,56] cannot find symbol
[ERROR]   symbol:   class TokenResponse
[ERROR]   location: package br.com.unisinos.gerenciador_tarefas.dto.response
[ERROR] /C:/Users/edmtg/Documents/Unisinos/2026/gerenciador-tarefas-api/src/main/java/br/com/unisinos/gerenciador_tarefas/service/AuthService.java:[4,56] cannot find symbol
[ERROR]   symbol:   class TokenResponse
[ERROR]   location: package br.com.unisinos.gerenciador_tarefas.dto.response
[ERROR] /C:/Users/edmtg/Documents/Unisinos/2026/gerenciador-tarefas-api/src/main/java/br/com/unisinos/gerenciador_tarefas/controller/AuthController.java:[24,27] cannot find symbol
[ERROR]   symbol:   class TokenResponse
[ERROR]   location: class br.com.unisinos.gerenciador_tarefas.controller.AuthController
[ERROR] /C:/Users/edmtg/Documents/Unisinos/2026/gerenciador-tarefas-api/src/main/java/br/com/unisinos/gerenciador_tarefas/service/AuthService.java:[8,5] cannot find symbol
[ERROR]   symbol:   class TokenResponse
[ERROR]   location: interface br.com.unisinos.gerenciador_tarefas.service.AuthService
[ERROR] /C:/Users/edmtg/Documents/Unisinos/2026/gerenciador-tarefas-api/src/main/java/br/com/unisinos/gerenciador_tarefas/service/AuthServiceImpl.java:[5,56] cannot find symbol
[ERROR]   symbol:   class TokenResponse
[ERROR]   location: package br.com.unisinos.gerenciador_tarefas.dto.response
[ERROR] /C:/Users/edmtg/Documents/Unisinos/2026/gerenciador-tarefas-api/src/main/java/br/com/unisinos/gerenciador_tarefas/service/AuthServiceImpl.java:[36,12] cannot find symbol
[ERROR]   symbol:   class TokenResponse
[ERROR]   location: class br.com.unisinos.gerenciador_tarefas.service.AuthServiceImpl
[ERROR] /C:/Users/edmtg/Documents/Unisinos/2026/gerenciador-tarefas-api/src/main/java/br/com/unisinos/gerenciador_tarefas/config/JwtUtilImpl.java:[26,6] cannot find symbol
[ERROR]   symbol:   class PostConstruct
[ERROR]   location: class br.com.unisinos.gerenciador_tarefas.config.JwtUtilImpl
[ERROR] /C:/Users/edmtg/Documents/Unisinos/2026/gerenciador-tarefas-api/src/main/java/br/com/unisinos/gerenciador_tarefas/entities/User.java:[28,8] br.com.unisinos.gerenciador_tarefas.entities.User is not abstract and does not override abstract method getPassword() in org.springframework.security.core.userdetails.UserDetails
[ERROR] /C:/Users/edmtg/Documents/Unisinos/2026/gerenciador-tarefas-api/src/main/java/br/com/unisinos/gerenciador_tarefas/config/JwtUtilImpl.java:[41,33] cannot find symbol
[ERROR]   symbol:   method getEmail()
[ERROR]   location: variable user of type br.com.unisinos.gerenciador_tarefas.entities.User
[ERROR] /C:/Users/edmtg/Documents/Unisinos/2026/gerenciador-tarefas-api/src/main/java/br/com/unisinos/gerenciador_tarefas/config/JwtUtilImpl.java:[44,36] cannot find symbol
[ERROR]   symbol:   method getRole()
[ERROR]   location: variable user of type br.com.unisinos.gerenciador_tarefas.entities.User
[ERROR] /C:/Users/edmtg/Documents/Unisinos/2026/gerenciador-tarefas-api/src/main/java/br/com/unisinos/gerenciador_tarefas/config/JwtUtilImpl.java:[44,61] cannot find symbol
[ERROR]   symbol:   method getRole()
[ERROR]   location: variable user of type br.com.unisinos.gerenciador_tarefas.entities.User
[ERROR] /C:/Users/edmtg/Documents/Unisinos/2026/gerenciador-tarefas-api/src/main/java/br/com/unisinos/gerenciador_tarefas/service/TaskService.java:[30,17] cannot find symbol
[ERROR]   symbol:   method setDescription(java.lang.String)
[ERROR]   location: variable task of type br.com.unisinos.gerenciador_tarefas.entities.Task
[ERROR] /C:/Users/edmtg/Documents/Unisinos/2026/gerenciador-tarefas-api/src/main/java/br/com/unisinos/gerenciador_tarefas/service/TaskService.java:[33,17] cannot find symbol
[ERROR]   symbol:   method setStatus(br.com.unisinos.gerenciador_tarefas.enums.TaskStatus)
[ERROR]   location: variable task of type br.com.unisinos.gerenciador_tarefas.entities.Task
[ERROR] /C:/Users/edmtg/Documents/Unisinos/2026/gerenciador-tarefas-api/src/main/java/br/com/unisinos/gerenciador_tarefas/service/TaskService.java:[35,17] cannot find symbol
[ERROR]   symbol:   method setStatus(br.com.unisinos.gerenciador_tarefas.enums.TaskStatus)
[ERROR]   location: variable task of type br.com.unisinos.gerenciador_tarefas.entities.Task
[ERROR] /C:/Users/edmtg/Documents/Unisinos/2026/gerenciador-tarefas-api/src/main/java/br/com/unisinos/gerenciador_tarefas/service/TaskService.java:[42,16] cannot find symbol
[ERROR]   symbol:   method setAssignee(br.com.unisinos.gerenciador_tarefas.entities.User)
[ERROR]   location: variable task of type br.com.unisinos.gerenciador_tarefas.entities.Task
[ERROR] /C:/Users/edmtg/Documents/Unisinos/2026/gerenciador-tarefas-api/src/main/java/br/com/unisinos/gerenciador_tarefas/service/TaskService.java:[45,17] cannot find symbol
[ERROR]   symbol:   method setDeadline(java.time.LocalDate)
[ERROR]   location: variable task of type br.com.unisinos.gerenciador_tarefas.entities.Task
[ERROR] /C:/Users/edmtg/Documents/Unisinos/2026/gerenciador-tarefas-api/src/main/java/br/com/unisinos/gerenciador_tarefas/service/TaskService.java:[54,21] cannot find symbol
[ERROR]   symbol:   method getParticipants()
[ERROR]   location: variable task of type br.com.unisinos.gerenciador_tarefas.entities.Task
[ERROR] /C:/Users/edmtg/Documents/Unisinos/2026/gerenciador-tarefas-api/src/main/java/br/com/unisinos/gerenciador_tarefas/service/TaskService.java:[58,13] cannot find symbol
[ERROR]   symbol:   method setName(@jakarta.validation.constraints.NotNull(message="O campo name \u00e9 um campo obrigat\u00f3rio") java.lang.String)
[ERROR]   location: variable task of type br.com.unisinos.gerenciador_tarefas.entities.Task
[ERROR] /C:/Users/edmtg/Documents/Unisinos/2026/gerenciador-tarefas-api/src/main/java/br/com/unisinos/gerenciador_tarefas/service/TaskService.java:[59,13] cannot find symbol
[ERROR]   symbol:   method setCreator(br.com.unisinos.gerenciador_tarefas.entities.User)
[ERROR]   location: variable task of type br.com.unisinos.gerenciador_tarefas.entities.Task
[ERROR] /C:/Users/edmtg/Documents/Unisinos/2026/gerenciador-tarefas-api/src/main/java/br/com/unisinos/gerenciador_tarefas/service/TaskService.java:[80,17] cannot find symbol
[ERROR]   symbol:   method getAssignedTasks()
[ERROR]   location: variable u of type br.com.unisinos.gerenciador_tarefas.entities.User
[ERROR] /C:/Users/edmtg/Documents/Unisinos/2026/gerenciador-tarefas-api/src/main/java/br/com/unisinos/gerenciador_tarefas/service/TaskService.java:[92,17] cannot find symbol
[ERROR]   symbol:   method setDescription(java.lang.String)
[ERROR]   location: variable task of type br.com.unisinos.gerenciador_tarefas.entities.Task
[ERROR] /C:/Users/edmtg/Documents/Unisinos/2026/gerenciador-tarefas-api/src/main/java/br/com/unisinos/gerenciador_tarefas/service/TaskService.java:[95,17] cannot find symbol
[ERROR]   symbol:   method setStatus(br.com.unisinos.gerenciador_tarefas.enums.TaskStatus)
[ERROR]   location: variable task of type br.com.unisinos.gerenciador_tarefas.entities.Task
[ERROR] /C:/Users/edmtg/Documents/Unisinos/2026/gerenciador-tarefas-api/src/main/java/br/com/unisinos/gerenciador_tarefas/service/TaskService.java:[102,17] cannot find symbol
[ERROR]   symbol:   method setAssignee(br.com.unisinos.gerenciador_tarefas.entities.User)
[ERROR]   location: variable task of type br.com.unisinos.gerenciador_tarefas.entities.Task
[ERROR] /C:/Users/edmtg/Documents/Unisinos/2026/gerenciador-tarefas-api/src/main/java/br/com/unisinos/gerenciador_tarefas/service/TaskService.java:[105,17] cannot find symbol
[ERROR]   symbol:   method setDeadline(java.time.LocalDate)
[ERROR]   location: variable task of type br.com.unisinos.gerenciador_tarefas.entities.Task
[ERROR] /C:/Users/edmtg/Documents/Unisinos/2026/gerenciador-tarefas-api/src/main/java/br/com/unisinos/gerenciador_tarefas/service/TaskService.java:[108,17] cannot find symbol
[ERROR]   symbol:   method setName(java.lang.String)
[ERROR]   location: variable task of type br.com.unisinos.gerenciador_tarefas.entities.Task
[ERROR] /C:/Users/edmtg/Documents/Unisinos/2026/gerenciador-tarefas-api/src/main/java/br/com/unisinos/gerenciador_tarefas/dto/response/TaskDetailResponse.java:[24,42] cannot find symbol
[ERROR]   symbol:   method getCreator()
[ERROR]   location: variable task of type br.com.unisinos.gerenciador_tarefas.entities.Task
[ERROR] /C:/Users/edmtg/Documents/Unisinos/2026/gerenciador-tarefas-api/src/main/java/br/com/unisinos/gerenciador_tarefas/dto/response/TaskDetailResponse.java:[24,83] cannot find symbol
[ERROR]   symbol:   method getAssignee()
[ERROR]   location: variable task of type br.com.unisinos.gerenciador_tarefas.entities.Task
[ERROR] /C:/Users/edmtg/Documents/Unisinos/2026/gerenciador-tarefas-api/src/main/java/br/com/unisinos/gerenciador_tarefas/dto/response/TaskDetailResponse.java:[23,18] cannot find symbol
[ERROR]   symbol:   method getId()
[ERROR]   location: variable task of type br.com.unisinos.gerenciador_tarefas.entities.Task
[ERROR] /C:/Users/edmtg/Documents/Unisinos/2026/gerenciador-tarefas-api/src/main/java/br/com/unisinos/gerenciador_tarefas/dto/response/TaskDetailResponse.java:[23,32] cannot find symbol
[ERROR]   symbol:   method getName()
[ERROR]   location: variable task of type br.com.unisinos.gerenciador_tarefas.entities.Task
[ERROR] /C:/Users/edmtg/Documents/Unisinos/2026/gerenciador-tarefas-api/src/main/java/br/com/unisinos/gerenciador_tarefas/dto/response/TaskDetailResponse.java:[23,48] cannot find symbol
[ERROR]   symbol:   method getDescription()
[ERROR]   location: variable task of type br.com.unisinos.gerenciador_tarefas.entities.Task
[ERROR] /C:/Users/edmtg/Documents/Unisinos/2026/gerenciador-tarefas-api/src/main/java/br/com/unisinos/gerenciador_tarefas/dto/response/TaskDetailResponse.java:[23,71] cannot find symbol
[ERROR]   symbol:   method getDeadline()
[ERROR]   location: variable task of type br.com.unisinos.gerenciador_tarefas.entities.Task
[ERROR] /C:/Users/edmtg/Documents/Unisinos/2026/gerenciador-tarefas-api/src/main/java/br/com/unisinos/gerenciador_tarefas/dto/response/TaskDetailResponse.java:[23,91] cannot find symbol
[ERROR]   symbol:   method getStatus()
[ERROR]   location: variable task of type br.com.unisinos.gerenciador_tarefas.entities.Task
[ERROR] /C:/Users/edmtg/Documents/Unisinos/2026/gerenciador-tarefas-api/src/main/java/br/com/unisinos/gerenciador_tarefas/dto/response/TaskDetailResponse.java:[25,21] cannot find symbol
[ERROR]   symbol:   method getParticipants()
[ERROR]   location: variable task of type br.com.unisinos.gerenciador_tarefas.entities.Task
[ERROR] /C:/Users/edmtg/Documents/Unisinos/2026/gerenciador-tarefas-api/src/main/java/br/com/unisinos/gerenciador_tarefas/dto/response/TaskDetailResponse.java:[25,90] cannot find symbol
[ERROR]   symbol:   method getCreatedAt()
[ERROR]   location: variable task of type br.com.unisinos.gerenciador_tarefas.entities.Task
[ERROR] /C:/Users/edmtg/Documents/Unisinos/2026/gerenciador-tarefas-api/src/main/java/br/com/unisinos/gerenciador_tarefas/dto/response/TaskDetailResponse.java:[25,111] cannot find symbol
[ERROR]   symbol:   method getUpdatedAt()
[ERROR]   location: variable task of type br.com.unisinos.gerenciador_tarefas.entities.Task
[ERROR] /C:/Users/edmtg/Documents/Unisinos/2026/gerenciador-tarefas-api/src/main/java/br/com/unisinos/gerenciador_tarefas/dto/response/ListUserResponse.java:[11,15] cannot find symbol
[ERROR]   symbol:   method getId()
[ERROR]   location: variable u of type br.com.unisinos.gerenciador_tarefas.entities.User
[ERROR] /C:/Users/edmtg/Documents/Unisinos/2026/gerenciador-tarefas-api/src/main/java/br/com/unisinos/gerenciador_tarefas/dto/response/ListUserResponse.java:[11,26] cannot find symbol
[ERROR]   symbol:   method getName()
[ERROR]   location: variable u of type br.com.unisinos.gerenciador_tarefas.entities.User
[ERROR] /C:/Users/edmtg/Documents/Unisinos/2026/gerenciador-tarefas-api/src/main/java/br/com/unisinos/gerenciador_tarefas/dto/response/ListUserResponse.java:[11,39] cannot find symbol
[ERROR]   symbol:   method getEmail()
[ERROR]   location: variable u of type br.com.unisinos.gerenciador_tarefas.entities.User
[ERROR] /C:/Users/edmtg/Documents/Unisinos/2026/gerenciador-tarefas-api/src/main/java/br/com/unisinos/gerenciador_tarefas/dto/response/ListTaskResponse.java:[13,15] cannot find symbol
[ERROR]   symbol:   method getId()
[ERROR]   location: variable t of type br.com.unisinos.gerenciador_tarefas.entities.Task
[ERROR] /C:/Users/edmtg/Documents/Unisinos/2026/gerenciador-tarefas-api/src/main/java/br/com/unisinos/gerenciador_tarefas/dto/response/ListTaskResponse.java:[13,26] cannot find symbol
[ERROR]   symbol:   method getName()
[ERROR]   location: variable t of type br.com.unisinos.gerenciador_tarefas.entities.Task
[ERROR] /C:/Users/edmtg/Documents/Unisinos/2026/gerenciador-tarefas-api/src/main/java/br/com/unisinos/gerenciador_tarefas/dto/response/ListTaskResponse.java:[13,39] cannot find symbol
[ERROR]   symbol:   method getStatus()
[ERROR]   location: variable t of type br.com.unisinos.gerenciador_tarefas.entities.Task
[ERROR] /C:/Users/edmtg/Documents/Unisinos/2026/gerenciador-tarefas-api/src/main/java/br/com/unisinos/gerenciador_tarefas/dto/response/UserDetailResponse.java:[19,15] cannot find symbol
[ERROR]   symbol:   method getId()
[ERROR]   location: variable u of type br.com.unisinos.gerenciador_tarefas.entities.User
[ERROR] /C:/Users/edmtg/Documents/Unisinos/2026/gerenciador-tarefas-api/src/main/java/br/com/unisinos/gerenciador_tarefas/dto/response/UserDetailResponse.java:[19,26] cannot find symbol
[ERROR]   symbol:   method getName()
[ERROR]   location: variable u of type br.com.unisinos.gerenciador_tarefas.entities.User
[ERROR] /C:/Users/edmtg/Documents/Unisinos/2026/gerenciador-tarefas-api/src/main/java/br/com/unisinos/gerenciador_tarefas/dto/response/UserDetailResponse.java:[19,39] cannot find symbol
[ERROR]   symbol:   method getEmail()
[ERROR]   location: variable u of type br.com.unisinos.gerenciador_tarefas.entities.User
[ERROR] /C:/Users/edmtg/Documents/Unisinos/2026/gerenciador-tarefas-api/src/main/java/br/com/unisinos/gerenciador_tarefas/dto/response/UserDetailResponse.java:[19,53] cannot find symbol
[ERROR]   symbol:   method getBirthDate()
[ERROR]   location: variable u of type br.com.unisinos.gerenciador_tarefas.entities.User
[ERROR] /C:/Users/edmtg/Documents/Unisinos/2026/gerenciador-tarefas-api/src/main/java/br/com/unisinos/gerenciador_tarefas/dto/response/UserDetailResponse.java:[19,71] cannot find symbol
[ERROR]   symbol:   method getPhone()
[ERROR]   location: variable u of type br.com.unisinos.gerenciador_tarefas.entities.User
[ERROR] /C:/Users/edmtg/Documents/Unisinos/2026/gerenciador-tarefas-api/src/main/java/br/com/unisinos/gerenciador_tarefas/dto/response/UserDetailResponse.java:[19,85] cannot find symbol
[ERROR]   symbol:   method getCreatedAt()
[ERROR]   location: variable u of type br.com.unisinos.gerenciador_tarefas.entities.User
[ERROR] /C:/Users/edmtg/Documents/Unisinos/2026/gerenciador-tarefas-api/src/main/java/br/com/unisinos/gerenciador_tarefas/dto/response/UserDetailResponse.java:[19,103] cannot find symbol
[ERROR]   symbol:   method getCreatedAt()
[ERROR]   location: variable u of type br.com.unisinos.gerenciador_tarefas.entities.User
[ERROR] /C:/Users/edmtg/Documents/Unisinos/2026/gerenciador-tarefas-api/src/main/java/br/com/unisinos/gerenciador_tarefas/service/AuthServiceImpl.java:[47,21] cannot find symbol
[ERROR]   symbol:   method getId()
[ERROR]   location: variable user of type br.com.unisinos.gerenciador_tarefas.entities.User
[ERROR] /C:/Users/edmtg/Documents/Unisinos/2026/gerenciador-tarefas-api/src/main/java/br/com/unisinos/gerenciador_tarefas/service/AuthServiceImpl.java:[48,21] cannot find symbol
[ERROR]   symbol:   method getName()
[ERROR]   location: variable user of type br.com.unisinos.gerenciador_tarefas.entities.User
[ERROR] /C:/Users/edmtg/Documents/Unisinos/2026/gerenciador-tarefas-api/src/main/java/br/com/unisinos/gerenciador_tarefas/service/AuthServiceImpl.java:[49,21] cannot find symbol
[ERROR]   symbol:   method getEmail()
[ERROR]   location: variable user of type br.com.unisinos.gerenciador_tarefas.entities.User
[ERROR] /C:/Users/edmtg/Documents/Unisinos/2026/gerenciador-tarefas-api/src/main/java/br/com/unisinos/gerenciador_tarefas/service/AuthServiceImpl.java:[52,20] cannot find symbol
[ERROR]   symbol:   class TokenResponse
[ERROR]   location: class br.com.unisinos.gerenciador_tarefas.service.AuthServiceImpl
[ERROR] -> [Help 1]
[ERROR] 
[ERROR] To see the full stack trace of the errors, re-run Maven with the -e switch.
[ERROR] Re-run Maven using the -X switch to enable full debug logging.
[ERROR] 
[ERROR] For more information about the errors and possible solutions, please read the following articles:
[ERROR] [Help 1] http://cwiki.apache.org/confluence/display/MAVEN/MojoFailureException
